M:2,4,16,1|K:32,65|E:97,98,99|G:1,0.5,0,0,0,1,4096,16777216|G:1,0.5,1,0,0,1,8192,16777216,1073741824|G:0,0.5,1,0,0,1,16384,16777216,1073741824|G:1,0.5,1,0,0,1,32768,16777216,1073741824