0,3,8,12,19,23,26,31,37,39
The fish was delish and it made quite a dish
    <    <   <      <   <  <    <     < <   <
>  >    >   >      >   >  >    >     > >     