FormattedGlyph { Position = {X:0 Y:0}, Data = {X:32 Y:32} 'T' }
FormattedGlyph { Position = {X:32 Y:0}, Data = {X:32 Y:32} 'h' }
FormattedGlyph { Position = {X:64 Y:0}, Data = {X:32 Y:32} 'i' }
FormattedGlyph { Position = {X:96 Y:0}, Data = {X:32 Y:32} 's' }
FormattedGlyph { Position = {X:128 Y:0}, Data = {X:32 Y:32} (whitespace) }
FormattedGlyph { Position = {X:160 Y:0}, Data = {X:32 Y:32} 'i' }
FormattedGlyph { Position = {X:192 Y:0}, Data = {X:32 Y:32} 's' }
FormattedGlyph { Position = {X:224 Y:0}, Data = {X:32 Y:32} (whitespace) }
FormattedGlyph { Position = {X:256 Y:0}, Data = {X:32 Y:32} 'a' }
FormattedGlyph { Position = {X:288 Y:0}, Data = {X:32 Y:32} (whitespace) }
FormattedGlyph { Position = {X:320 Y:0}, Data = {X:32 Y:32} 'v' }
FormattedGlyph { Position = {X:352 Y:0}, Data = {X:32 Y:32} 'e' }
FormattedGlyph { Position = {X:384 Y:0}, Data = {X:32 Y:32} 'r' }
FormattedGlyph { Position = {X:416 Y:0}, Data = {X:32 Y:32} 'y' }
FormattedGlyph { Position = {X:448 Y:0}, Data = {X:32 Y:32} (whitespace) }
FormattedGlyph { Position = {X:0 Y:32}, Data = {X:32 Y:32} 'l' }
FormattedGlyph { Position = {X:32 Y:32}, Data = {X:32 Y:32} 'o' }
FormattedGlyph { Position = {X:64 Y:32}, Data = {X:32 Y:32} 'n' }
FormattedGlyph { Position = {X:96 Y:32}, Data = {X:32 Y:32} 'g' }
FormattedGlyph { Position = {X:128 Y:32}, Data = {X:32 Y:32} (whitespace) }
FormattedGlyph { Position = {X:160 Y:32}, Data = {X:32 Y:32} 's' }
FormattedGlyph { Position = {X:192 Y:32}, Data = {X:32 Y:32} 't' }
FormattedGlyph { Position = {X:224 Y:32}, Data = {X:32 Y:32} 'r' }
FormattedGlyph { Position = {X:256 Y:32}, Data = {X:32 Y:32} 'i' }
FormattedGlyph { Position = {X:288 Y:32}, Data = {X:32 Y:32} 'n' }
FormattedGlyph { Position = {X:320 Y:32}, Data = {X:32 Y:32} 'g' }
FormattedGlyph { Position = {X:352 Y:32}, Data = {X:32 Y:32} (whitespace) }
FormattedGlyph { Position = {X:384 Y:32}, Data = {X:32 Y:32} 'w' }
FormattedGlyph { Position = {X:416 Y:32}, Data = {X:32 Y:32} 'i' }
FormattedGlyph { Position = {X:448 Y:32}, Data = {X:32 Y:32} 't' }
FormattedGlyph { Position = {X:480 Y:32}, Data = {X:32 Y:32} 'h' }
FormattedGlyph { Position = {X:0 Y:64}, Data = {X:0 Y:32} (whitespace) }
FormattedGlyph { Position = {X:0 Y:64}, Data = {X:32 Y:32} 'm' }
FormattedGlyph { Position = {X:32 Y:64}, Data = {X:32 Y:32} 'a' }
FormattedGlyph { Position = {X:64 Y:64}, Data = {X:32 Y:32} 'n' }
FormattedGlyph { Position = {X:96 Y:64}, Data = {X:32 Y:32} 'y' }
FormattedGlyph { Position = {X:0 Y:96}, Data = {X:0 Y:32} (whitespace) }
FormattedGlyph { Position = {X:0 Y:128}, Data = {X:0 Y:32} (whitespace) }
FormattedGlyph { Position = {X:0 Y:128}, Data = {X:32 Y:32} 'l' }
FormattedGlyph { Position = {X:32 Y:128}, Data = {X:32 Y:32} 'i' }
FormattedGlyph { Position = {X:64 Y:128}, Data = {X:32 Y:32} 'n' }
FormattedGlyph { Position = {X:96 Y:128}, Data = {X:32 Y:32} 'e' }
FormattedGlyph { Position = {X:128 Y:128}, Data = {X:32 Y:32} 'b' }
FormattedGlyph { Position = {X:160 Y:128}, Data = {X:32 Y:32} 'r' }
FormattedGlyph { Position = {X:192 Y:128}, Data = {X:32 Y:32} 'e' }
FormattedGlyph { Position = {X:224 Y:128}, Data = {X:32 Y:32} 'a' }
FormattedGlyph { Position = {X:256 Y:128}, Data = {X:32 Y:32} 'k' }
FormattedGlyph { Position = {X:288 Y:128}, Data = {X:32 Y:32} 's' }
FormattedGlyph { Position = {X:320 Y:128}, Data = {X:32 Y:32} '.' }
FormattedGlyph { Position = {X:352 Y:128}, Data = {X:32 Y:32} (whitespace) }
FormattedGlyph { Position = {X:0 Y:160}, Data = {X:32 Y:32} 'S' }
FormattedGlyph { Position = {X:32 Y:160}, Data = {X:32 Y:32} 'o' }
FormattedGlyph { Position = {X:64 Y:160}, Data = {X:32 Y:32} 'm' }
FormattedGlyph { Position = {X:96 Y:160}, Data = {X:32 Y:32} 'e' }
FormattedGlyph { Position = {X:128 Y:160}, Data = {X:32 Y:32} (whitespace) }
FormattedGlyph { Position = {X:160 Y:160}, Data = {X:32 Y:32} 'o' }
FormattedGlyph { Position = {X:192 Y:160}, Data = {X:32 Y:32} 'f' }
FormattedGlyph { Position = {X:224 Y:160}, Data = {X:32 Y:32} (whitespace) }
FormattedGlyph { Position = {X:256 Y:160}, Data = {X:32 Y:32} 't' }
FormattedGlyph { Position = {X:288 Y:160}, Data = {X:32 Y:32} 'h' }
FormattedGlyph { Position = {X:320 Y:160}, Data = {X:32 Y:32} 'e' }
FormattedGlyph { Position = {X:352 Y:160}, Data = {X:32 Y:32} 'm' }
FormattedGlyph { Position = {X:384 Y:160}, Data = {X:32 Y:32} (whitespace) }
FormattedGlyph { Position = {X:0 Y:192}, Data = {X:32 Y:32} 'a' }
FormattedGlyph { Position = {X:32 Y:192}, Data = {X:32 Y:32} 'r' }
FormattedGlyph { Position = {X:64 Y:192}, Data = {X:32 Y:32} 'e' }
FormattedGlyph { Position = {X:96 Y:192}, Data = {X:32 Y:32} (whitespace) }
FormattedGlyph { Position = {X:128 Y:192}, Data = {X:32 Y:32} 'm' }
FormattedGlyph { Position = {X:160 Y:192}, Data = {X:32 Y:32} 'a' }
FormattedGlyph { Position = {X:192 Y:192}, Data = {X:32 Y:32} 'n' }
FormattedGlyph { Position = {X:224 Y:192}, Data = {X:32 Y:32} 'u' }
FormattedGlyph { Position = {X:256 Y:192}, Data = {X:32 Y:32} 'a' }
FormattedGlyph { Position = {X:288 Y:192}, Data = {X:32 Y:32} 'l' }
FormattedGlyph { Position = {X:320 Y:192}, Data = {X:32 Y:32} (whitespace) }
FormattedGlyph { Position = {X:0 Y:224}, Data = {X:32 Y:32} 'l' }
FormattedGlyph { Position = {X:32 Y:224}, Data = {X:32 Y:32} 'i' }
FormattedGlyph { Position = {X:64 Y:224}, Data = {X:32 Y:32} 'n' }
FormattedGlyph { Position = {X:96 Y:224}, Data = {X:32 Y:32} 'e' }
FormattedGlyph { Position = {X:128 Y:224}, Data = {X:32 Y:32} 'b' }
FormattedGlyph { Position = {X:160 Y:224}, Data = {X:32 Y:32} 'r' }
FormattedGlyph { Position = {X:192 Y:224}, Data = {X:32 Y:32} 'e' }
FormattedGlyph { Position = {X:224 Y:224}, Data = {X:32 Y:32} 'a' }
FormattedGlyph { Position = {X:256 Y:224}, Data = {X:32 Y:32} 'k' }
FormattedGlyph { Position = {X:288 Y:224}, Data = {X:32 Y:32} 's' }
FormattedGlyph { Position = {X:320 Y:224}, Data = {X:32 Y:32} (whitespace) }
FormattedGlyph { Position = {X:352 Y:224}, Data = {X:32 Y:32} 'a' }
FormattedGlyph { Position = {X:384 Y:224}, Data = {X:32 Y:32} 'n' }
FormattedGlyph { Position = {X:416 Y:224}, Data = {X:32 Y:32} 'd' }
FormattedGlyph { Position = {X:448 Y:224}, Data = {X:32 Y:32} (whitespace) }
FormattedGlyph { Position = {X:0 Y:256}, Data = {X:32 Y:32} 's' }
FormattedGlyph { Position = {X:32 Y:256}, Data = {X:32 Y:32} 'o' }
FormattedGlyph { Position = {X:64 Y:256}, Data = {X:32 Y:32} 'm' }
FormattedGlyph { Position = {X:96 Y:256}, Data = {X:32 Y:32} 'e' }
FormattedGlyph { Position = {X:128 Y:256}, Data = {X:32 Y:32} (whitespace) }
FormattedGlyph { Position = {X:160 Y:256}, Data = {X:32 Y:32} 'o' }
FormattedGlyph { Position = {X:192 Y:256}, Data = {X:32 Y:32} 'f' }
FormattedGlyph { Position = {X:224 Y:256}, Data = {X:32 Y:32} (whitespace) }
FormattedGlyph { Position = {X:256 Y:256}, Data = {X:32 Y:32} 't' }
FormattedGlyph { Position = {X:288 Y:256}, Data = {X:32 Y:32} 'h' }
FormattedGlyph { Position = {X:320 Y:256}, Data = {X:32 Y:32} 'e' }
FormattedGlyph { Position = {X:352 Y:256}, Data = {X:32 Y:32} 'm' }
FormattedGlyph { Position = {X:384 Y:256}, Data = {X:32 Y:32} (whitespace) }
FormattedGlyph { Position = {X:0 Y:288}, Data = {X:32 Y:32} 'a' }
FormattedGlyph { Position = {X:32 Y:288}, Data = {X:32 Y:32} 'r' }
FormattedGlyph { Position = {X:64 Y:288}, Data = {X:32 Y:32} 'e' }
FormattedGlyph { Position = {X:96 Y:288}, Data = {X:32 Y:32} (whitespace) }
FormattedGlyph { Position = {X:128 Y:288}, Data = {X:32 Y:32} 'n' }
FormattedGlyph { Position = {X:160 Y:288}, Data = {X:32 Y:32} 'a' }
FormattedGlyph { Position = {X:192 Y:288}, Data = {X:32 Y:32} 't' }
FormattedGlyph { Position = {X:224 Y:288}, Data = {X:32 Y:32} 'u' }
FormattedGlyph { Position = {X:256 Y:288}, Data = {X:32 Y:32} 'r' }
FormattedGlyph { Position = {X:288 Y:288}, Data = {X:32 Y:32} 'a' }
FormattedGlyph { Position = {X:320 Y:288}, Data = {X:32 Y:32} 'l' }
FormattedGlyph { Position = {X:352 Y:288}, Data = {X:32 Y:32} '.' }
FormattedGlyph { Position = {X:0 Y:320}, Data = {X:0 Y:32} (whitespace) }
FormattedGlyph { Position = {X:0 Y:320}, Data = {X:32 Y:32} 'T' }
FormattedGlyph { Position = {X:32 Y:320}, Data = {X:32 Y:32} 'h' }
FormattedGlyph { Position = {X:64 Y:320}, Data = {X:32 Y:32} 'e' }
FormattedGlyph { Position = {X:96 Y:320}, Data = {X:32 Y:32} 'r' }
FormattedGlyph { Position = {X:128 Y:320}, Data = {X:32 Y:32} 'e' }
FormattedGlyph { Position = {X:160 Y:320}, Data = {X:32 Y:32} (whitespace) }
FormattedGlyph { Position = {X:192 Y:320}, Data = {X:32 Y:32} 'a' }
FormattedGlyph { Position = {X:224 Y:320}, Data = {X:32 Y:32} 'r' }
FormattedGlyph { Position = {X:256 Y:320}, Data = {X:32 Y:32} 'e' }
FormattedGlyph { Position = {X:288 Y:320}, Data = {X:32 Y:32} (whitespace) }
FormattedGlyph { Position = {X:320 Y:320}, Data = {X:32 Y:32} 'a' }
FormattedGlyph { Position = {X:352 Y:320}, Data = {X:32 Y:32} 'l' }
FormattedGlyph { Position = {X:384 Y:320}, Data = {X:32 Y:32} 's' }
FormattedGlyph { Position = {X:416 Y:320}, Data = {X:32 Y:32} 'o' }
FormattedGlyph { Position = {X:448 Y:320}, Data = {X:32 Y:32} (whitespace) }
FormattedGlyph { Position = {X:0 Y:352}, Data = {X:32 Y:32} (whitespace) }
FormattedGlyph { Position = {X:32 Y:352}, Data = {X:32 Y:32} (whitespace) }
FormattedGlyph { Position = {X:64 Y:352}, Data = {X:32 Y:32} (whitespace) }
FormattedGlyph { Position = {X:96 Y:352}, Data = {X:32 Y:32} (whitespace) }
FormattedGlyph { Position = {X:128 Y:352}, Data = {X:32 Y:32} 's' }
FormattedGlyph { Position = {X:160 Y:352}, Data = {X:32 Y:32} 'e' }
FormattedGlyph { Position = {X:192 Y:352}, Data = {X:32 Y:32} 'v' }
FormattedGlyph { Position = {X:224 Y:352}, Data = {X:32 Y:32} 'e' }
FormattedGlyph { Position = {X:256 Y:352}, Data = {X:32 Y:32} 'r' }
FormattedGlyph { Position = {X:288 Y:352}, Data = {X:32 Y:32} 'a' }
FormattedGlyph { Position = {X:320 Y:352}, Data = {X:32 Y:32} 'l' }
FormattedGlyph { Position = {X:352 Y:352}, Data = {X:32 Y:32} (whitespace) }
FormattedGlyph { Position = {X:0 Y:384}, Data = {X:32 Y:32} 'c' }
FormattedGlyph { Position = {X:32 Y:384}, Data = {X:32 Y:32} 'o' }
FormattedGlyph { Position = {X:64 Y:384}, Data = {X:32 Y:32} 'n' }
FormattedGlyph { Position = {X:96 Y:384}, Data = {X:32 Y:32} 's' }
FormattedGlyph { Position = {X:128 Y:384}, Data = {X:32 Y:32} 'e' }
FormattedGlyph { Position = {X:160 Y:384}, Data = {X:32 Y:32} 'c' }
FormattedGlyph { Position = {X:192 Y:384}, Data = {X:32 Y:32} 'u' }
FormattedGlyph { Position = {X:224 Y:384}, Data = {X:32 Y:32} 't' }
FormattedGlyph { Position = {X:256 Y:384}, Data = {X:32 Y:32} 'i' }
FormattedGlyph { Position = {X:288 Y:384}, Data = {X:32 Y:32} 'v' }
FormattedGlyph { Position = {X:320 Y:384}, Data = {X:32 Y:32} 'e' }
FormattedGlyph { Position = {X:352 Y:384}, Data = {X:32 Y:32} (whitespace) }
FormattedGlyph { Position = {X:0 Y:416}, Data = {X:32 Y:32} 's' }
FormattedGlyph { Position = {X:32 Y:416}, Data = {X:32 Y:32} 'p' }
FormattedGlyph { Position = {X:64 Y:416}, Data = {X:32 Y:32} 'a' }
FormattedGlyph { Position = {X:96 Y:416}, Data = {X:32 Y:32} 'c' }
FormattedGlyph { Position = {X:128 Y:416}, Data = {X:32 Y:32} 'e' }
FormattedGlyph { Position = {X:160 Y:416}, Data = {X:32 Y:32} 's' }
FormattedGlyph { Position = {X:192 Y:416}, Data = {X:32 Y:32} '.' }
